---
source: scooter/src/ui/view.rs
expression: get_snapshot(&terminal)
---
     ┌──────────────────────────────────────────Info──────────────────────────────────────────┐
     │ Short message                                                                          │
     └────────────────────────────────────────────────────────────────────────────────────────┘
