---
source: scooter/tests/app_runner.rs
expression: snapshot.as_ref()
---
                                     scooter                                    
   ┌Search text───────────────────────────────────────────────────────────┐    
   │users                                                                 │    
   └──────────────────────────────────────────────────────────────────────┘    
   ┌Replace text──────────────────────────────────────────────────────────┐    
   │REPLACED                                                              │    
   └──────────────────────────────────────────────────────────────────────┘    
                                                                               
   Results: 2 [Search complete]                       [Time taken: TIME]     
                                                                               
   [x] file1.txt:2                                                      (1)    
   [x] file1.txt:17                                                     (2)    
                                                                               
                                                                               
                                                                               
                                                                               
     This is a file with                                                       
   - some very long lines of text. Lots of text which won't fit on one line    
   + some very long lines of text. Lots of text which won't fit on one line    
     Some more lines here which aren't                                         
     quite as long.                                                            
     Some                                                                      
                                                                               
space> toggle / <esc> back to search fields / <ret> replace selected / <C-h> he
