---
source: scooter/tests/app_runner.rs
expression: snapshot
---
                                     scooter                                    
   ┌Search text (Error: Couldn't parse regex)─────────────────────────────┐    
   │[invalid regex                                                        │    
   └──────────────────────────────────────────────────────────────────────┘    
   ┌Replace text──────────────────────────────────────────────────────────┐    
   │replacement                                                           │    
   └──────────────────────────────────────────────────────────────────────┘    
   ┌───┐                                                                       
   │   │ Fixed strings                                                         
   └─┌──────────────────────────────Errors──────────────────────────────┐      
   ┌─│ Search text                                                      │      
   │ │ regex parse error:                                               │      
   └─│     [invalid regex                                               │      
   ┌─│     ^                                                            │      
   │ │ error: unclosed character class                                  │      
   └─└──────────────────────────────────────────────────────────────────┘      
   ┌Files to include──────────────────────────────────────────────────────┐    
   │                                                                      │    
   └──────────────────────────────────────────────────────────────────────┘    
   ┌Files to exclude──────────────────────────────────────────────────────┐    
   │                                                                      │    
   └──────────────────────────────────────────────────────────────────────┘    
                                                                               
ret> jump to results / <tab> focus next / <C-r> reset / <C-h> help / <C-c> quit
