---
source: scooter/tests/app_runner.rs
expression: snapshot
---
                                     Scooter                                    
   ┌Search text───────────────────────────────────────────────────────────┐    
   │                                                                      │    
   └──────────────────────────────────────────────────────────────────────┘    
   ┌Replace text──────────────────────────────────────────────────────────┐    
   │                                                                      │    
   └──────────────────────────────────────────────────────────────────────┘    
   ┌───┐                                                                       
   │   │ Fixed strings                                                         
   └───┘                                                                       
   ┌───┐ ┌──────────────────────────Errors──────────────────────────┐          
   │   │ │ Search field must not be empty                           │          
   └───┘ │ Please enter some search text                            │          
   ┌───┐ └──────────────────────────────────────────────────────────┘          
   │ X │ Match case                                                            
   └───┘                                                                       
   ┌Files to include──────────────────────────────────────────────────────┐    
   │                                                                      │    
   └──────────────────────────────────────────────────────────────────────┘    
   ┌Files to exclude──────────────────────────────────────────────────────┐    
   │                                                                      │    
   └──────────────────────────────────────────────────────────────────────┘    
                                                                               
enter> jump to results / <tab> focus next / <C-r> reset / <C-h> help / <esc> cl
