---
source: scooter-core/tests/app.rs
expression: app.keymaps_compact()
---
[
    (
        "<space>",
        "toggle",
    ),
    (
        "<esc>",
        "back to search fields",
    ),
    (
        "<ret>",
        "replace selected",
    ),
    (
        "<C-h>",
        "help",
    ),
    (
        "<C-c>",
        "quit",
    ),
]
