---
source: scooter-core/tests/app.rs
expression: app.keymaps_compact()
---
[
    (
        "<C-r>",
        "reset",
    ),
    (
        "<C-h>",
        "help",
    ),
    (
        "<C-c>",
        "quit",
    ),
]
