---
source: scooter-core/tests/app.rs
expression: app.keymaps_all()
---
[
    (
        "<j>",
        "down",
    ),
    (
        "<k>",
        "up",
    ),
    (
        "<C-r>",
        "reset",
    ),
    (
        "<C-h>",
        "help",
    ),
    (
        "<esc>",
        "close popup",
    ),
    (
        "<C-c>",
        "quit",
    ),
]
